AT_Onenet_LWM2M.c:17:5:CONNECT_Server	24	static
AT_Onenet_LWM2M.c:29:6:ADD_Object	16	static
AT_Onenet_LWM2M.c:43:5:Registered_Plant	24	static
AT_Onenet_LWM2M.c:61:5:Reply_Observe_Command	24	static
AT_Onenet_LWM2M.c:90:6:Parse_Observe_Command	24	static
AT_Onenet_LWM2M.c:97:5:Reply_Discover_Command	32	static
AT_Onenet_LWM2M.c:117:6:Parse_Discover_Command	24	static
AT_Onenet_LWM2M.c:125:5:SEND_Messag	32	static
AT_Onenet_LWM2M.c:149:5:Reply_READ_Command	48	static
AT_Onenet_LWM2M.c:179:6:Parse_READ_Command	24	static
AT_Onenet_LWM2M.c:186:5:LOGOUT_Device	24	static
AT_Onenet_LWM2M.c:196:5:CLOSE_Server	24	static
AT_Onenet_LWM2M.c:206:6:ONENET_LWM2M	8	static
