AT_Onenet_LWM2M.c:17:5:CONNECT_Server	24	static
AT_Onenet_LWM2M.c:29:6:ADD_Object	16	static
AT_Onenet_LWM2M.c:43:5:Registered_Plant	24	static
AT_Onenet_LWM2M.c:59:5:Reply_Observe_Command	24	static
AT_Onenet_LWM2M.c:88:6:Parse_Observe_Command	24	static
AT_Onenet_LWM2M.c:95:5:Reply_Discover_Command	32	static
AT_Onenet_LWM2M.c:115:6:Parse_Discover_Command	24	static
AT_Onenet_LWM2M.c:123:5:SEND_Messag	32	static
AT_Onenet_LWM2M.c:147:5:Reply_READ_Command	48	static
AT_Onenet_LWM2M.c:177:6:Parse_READ_Command	24	static
AT_Onenet_LWM2M.c:184:5:LOGOUT_Device	24	static
AT_Onenet_LWM2M.c:194:5:CLOSE_Server	24	static
AT_Onenet_LWM2M.c:204:6:ONENET_LWM2M	8	static
